+ srun --mpi=pmi2 -u shifter --image=docker:infophysics/nersc:latest -V '/pscratch/sd/n/ncarrara:/local_scratch;/global/cfs/cdirs/dune/users/ncarrara:/local_data' bash -c '
    source /global/common/software/nersc9/nccl/2.19/env_nccl.sh
    source export_DDP_vars.sh
     blip segmentation_blip_config.yaml
    '
/usr/local/lib/python3.10/dist-packages/MinkowskiEngine-0.5.4-py3.10-linux-x86_64.egg/MinkowskiEngine/__init__.py:36: UserWarning: The environment variable `OMP_NUM_THREADS` not set. MinkowskiEngine will automatically set `OMP_NUM_THREADS=16`. If you want to set `OMP_NUM_THREADS` manually, please export it on the command line before running a python script. e.g. `export OMP_NUM_THREADS=12; python your_program.py`. It is recommended to set it below 24.
  warnings.warn(
/usr/local/lib/python3.10/dist-packages/MinkowskiEngine-0.5.4-py3.10-linux-x86_64.egg/MinkowskiEngine/__init__.py:36: UserWarning: The environment variable `OMP_NUM_THREADS` not set. MinkowskiEngine will automatically set `OMP_NUM_THREADS=16`. If you want to set `OMP_NUM_THREADS` manually, please export it on the command line before running a python script. e.g. `export OMP_NUM_THREADS=12; python your_program.py`. It is recommended to set it below 24.
  warnings.warn(
/usr/local/lib/python3.10/dist-packages/MinkowskiEngine-0.5.4-py3.10-linux-x86_64.egg/MinkowskiEngine/__init__.py:36: UserWarning: The environment variable `OMP_NUM_THREADS` not set. MinkowskiEngine will automatically set `OMP_NUM_THREADS=16`. If you want to set `OMP_NUM_THREADS` manually, please export it on the command line before running a python script. e.g. `export OMP_NUM_THREADS=12; python your_program.py`. It is recommended to set it below 24.
  warnings.warn(
/usr/local/lib/python3.10/dist-packages/MinkowskiEngine-0.5.4-py3.10-linux-x86_64.egg/MinkowskiEngine/__init__.py:36: UserWarning: The environment variable `OMP_NUM_THREADS` not set. MinkowskiEngine will automatically set `OMP_NUM_THREADS=16`. If you want to set `OMP_NUM_THREADS` manually, please export it on the command line before running a python script. e.g. `export OMP_NUM_THREADS=12; python your_program.py`. It is recommended to set it below 24.
  warnings.warn(
Creating comm groups for id model: [[0], [1], [2], [3]]
Creating comm groups for id data: [[0, 1, 2, 3]]
[[1;34mINFO[0m] [[1;35m2x2_segmentation[0m]: ############################ BLIP  v. [1.0.0] ############################
[[1;34mINFO[0m] [[1;35m2x2_segmentation[0m]: system_info - local time: 18:20:55 [21/5/2024]
[[1;34mINFO[0m] [[1;35m2x2_segmentation[0m]: system_info - run_name: 2x2_segmentation
[[1;34mINFO[0m] [[1;35m2x2_segmentation[0m]: system_info - run_number: 02
[[1;34mINFO[0m] [[1;35m2x2_segmentation[0m]: system_info - world_size: 4
[[1;34mINFO[0m] [[1;35m2x2_segmentation[0m]: system_info - world_rank: 0
[[1;34mINFO[0m] [[1;35m2x2_segmentation[0m]: system_info - local_rank: 0
[[1;34mINFO[0m] [[1;35m2x2_segmentation[0m]: system_info - num_data_shards: 4
[[1;34mINFO[0m] [[1;35m2x2_segmentation[0m]: system_info - platform: Linux
[[1;34mINFO[0m] [[1;35m2x2_segmentation[0m]: system_info - platform-release: 5.14.21-150400.24.81_12.0.87-cray_shasta_c
[[1;34mINFO[0m] [[1;35m2x2_segmentation[0m]: system_info - platform-version: #1 SMP Thu Jan 11 20:03:21 UTC 2024 (e30c7c1)
[[1;34mINFO[0m] [[1;35m2x2_segmentation[0m]: system_info - architecture: x86_64
[[1;34mINFO[0m] [[1;35m2x2_segmentation[0m]: system_info - hostname: nid008568
[[1;34mINFO[0m] [[1;35m2x2_segmentation[0m]: system_info - ip-address: 128.55.83.57
[[1;34mINFO[0m] [[1;35m2x2_segmentation[0m]: system_info - mac-address: 00:40:a6:87:7d:60
[[1;34mINFO[0m] [[1;35m2x2_segmentation[0m]: system_info - processor: x86_64
[[1;34mINFO[0m] [[1;35m2x2_segmentation[0m]: system_info - physical_cores: 64
[[1;34mINFO[0m] [[1;35m2x2_segmentation[0m]: system_info - logical_cores: 128
[[1;34mINFO[0m] [[1;35m2x2_segmentation[0m]: system_info - local_scratch: 10019512 GB
[[1;34mINFO[0m] [[1;35m2x2_segmentation[0m]: system_info - RAM: 251 GB
[[1;34mINFO[0m] [[1;35m2x2_segmentation[0m]: system_info - git_branch: b'* develop\n  main'
[[1;34mINFO[0m] [[1;35m2x2_segmentation[0m]: system_info - git_hash: b'75f8dca8663c967146e48af44ca31f9c648c27ce'
[[1;34mINFO[0m] [[1;35m2x2_segmentation[0m]: system_info - torch_version: 2.2.0a0+81ea7a4
[[1;34mINFO[0m] [[1;35m2x2_segmentation[0m]: CUDA is available with devices:
[[1;34mINFO[0m] [[1;35m2x2_segmentation[0m]:  -- device: 0
[[1;34mINFO[0m] [[1;35m2x2_segmentation[0m]:        name: NVIDIA A100-SXM4-80GB
[[1;34mINFO[0m] [[1;35m2x2_segmentation[0m]:        compute: 8.0
[[1;34mINFO[0m] [[1;35m2x2_segmentation[0m]:        memory: 79 GB
[[1;34mINFO[0m] [[1;35m2x2_segmentation[0m]:  -- device: 1
[[1;34mINFO[0m] [[1;35m2x2_segmentation[0m]:        name: NVIDIA A100-SXM4-80GB
[[1;34mINFO[0m] [[1;35m2x2_segmentation[0m]:        compute: 8.0
[[1;34mINFO[0m] [[1;35m2x2_segmentation[0m]:        memory: 79 GB
[[1;34mINFO[0m] [[1;35m2x2_segmentation[0m]:  -- device: 2
[[1;34mINFO[0m] [[1;35m2x2_segmentation[0m]:        name: NVIDIA A100-SXM4-80GB
[[1;34mINFO[0m] [[1;35m2x2_segmentation[0m]:        compute: 8.0
[[1;34mINFO[0m] [[1;35m2x2_segmentation[0m]:        memory: 79 GB
[[1;34mINFO[0m] [[1;35m2x2_segmentation[0m]:  -- device: 3
[[1;34mINFO[0m] [[1;35m2x2_segmentation[0m]:        name: NVIDIA A100-SXM4-80GB
[[1;34mINFO[0m] [[1;35m2x2_segmentation[0m]:        compute: 8.0
[[1;34mINFO[0m] [[1;35m2x2_segmentation[0m]:        memory: 79 GB
[[1;34mINFO[0m] [[1;35m2x2_segmentation[0m]: setting up devices
[[1;34mINFO[0m] [[1;35m2x2_segmentation[0m]: device allocated 0.85 Gb
[[1;34mINFO[0m] [[1;35m2x2_segmentation[0m]: setting up dataset
[[1;34mINFO[0m] [[1;35m2x2_segmentation[0m]: setting up loader
[[1;34mINFO[0m] [[1;35m2x2_segmentation[0m]: setting up model
[[1;34mINFO[0m] [[1;35m2x2_segmentation[0m]: model allocated 3.55 Gb
[[1;34mINFO[0m] [[1;35m2x2_segmentation[0m]: setting up scaler
[[1;34mINFO[0m] [[1;35m2x2_segmentation[0m]: setting up optimizer
[[1;34mINFO[0m] [[1;35m2x2_segmentation[0m]: setting up scheduler
[[1;34mINFO[0m] [[1;35m2x2_segmentation[0m]: setting up criterion
[[1;34mINFO[0m] [[1;35m2x2_segmentation[0m]: setting up metrics
[[1;34mINFO[0m] [[1;35m2x2_segmentation[0m]: setting up trainer
[[1;34mINFO[0m] [[1;35m2x2_segmentation[0m]: setting up tensorboard
[[1;34mINFO[0m] [[1;35m2x2_segmentation[0m]: running training
[[31;1mCRITICAL[0m] [[1;35m2x2_segmentation[0m]: error encountered in blip
[[31;1mCRITICAL[0m] [[1;35m2x2_segmentation[0m]: error encountered in blip
[[31;1mCRITICAL[0m] [[1;35m2x2_segmentation[0m]: exception:   'Blip' object has no attribute 'now'
[[31;1mCRITICAL[0m] [[1;35m2x2_segmentation[0m]: exception:   'Blip' object has no attribute 'now'
[[31;1mCRITICAL[0m] [[1;35m2x2_segmentation[0m]: exc_type:    <class 'AttributeError'>
[[31;1mCRITICAL[0m] [[1;35m2x2_segmentation[0m]: exc_type:    <class 'AttributeError'>
[[31;1mCRITICAL[0m] [[1;35m2x2_segmentation[0m]: line_number: 652
[[31;1mCRITICAL[0m] [[1;35m2x2_segmentation[0m]: line_number: 652
[[31;1mCRITICAL[0m] [[1;35m2x2_segmentation[0m]: file_name:   /global/homes/n/ncarrara/.local/lib/python3.10/site-packages/blip/blip/blip.py
[[31;1mCRITICAL[0m] [[1;35m2x2_segmentation[0m]: file_name:   /global/homes/n/ncarrara/.local/lib/python3.10/site-packages/blip/blip/blip.py
[[31;1mCRITICAL[0m] [[1;35m2x2_segmentation[0m]: traceback:   Traceback (most recent call last):
  File "/global/homes/n/ncarrara/.local/lib/python3.10/site-packages/blip/blip/blip.py", line 652, in run_blip
    self.set_up_tensorboard()
  File "/global/homes/n/ncarrara/.local/lib/python3.10/site-packages/blip/utils/utils.py", line 566, in wrapper
    result = func(*args, **kwargs)
  File "/global/homes/n/ncarrara/.local/lib/python3.10/site-packages/blip/blip/blip.py", line 573, in set_up_tensorboard
    self.meta["experiment_directory"], "logs/", self.now
AttributeError: 'Blip' object has no attribute 'now'

[[31;1mCRITICAL[0m] [[1;35m2x2_segmentation[0m]: traceback:   Traceback (most recent call last):
  File "/global/homes/n/ncarrara/.local/lib/python3.10/site-packages/blip/blip/blip.py", line 652, in run_blip
    self.set_up_tensorboard()
  File "/global/homes/n/ncarrara/.local/lib/python3.10/site-packages/blip/utils/utils.py", line 566, in wrapper
    result = func(*args, **kwargs)
  File "/global/homes/n/ncarrara/.local/lib/python3.10/site-packages/blip/blip/blip.py", line 573, in set_up_tensorboard
    self.meta["experiment_directory"], "logs/", self.now
AttributeError: 'Blip' object has no attribute 'now'

[[31;1mCRITICAL[0m] [[1;35m2x2_segmentation[0m]: error encountered in blip
[[31;1mCRITICAL[0m] [[1;35m2x2_segmentation[0m]: exception:   'Blip' object has no attribute 'now'
[[31;1mCRITICAL[0m] [[1;35m2x2_segmentation[0m]: exc_type:    <class 'AttributeError'>
[[31;1mCRITICAL[0m] [[1;35m2x2_segmentation[0m]: line_number: 652
[[31;1mCRITICAL[0m] [[1;35m2x2_segmentation[0m]: file_name:   /global/homes/n/ncarrara/.local/lib/python3.10/site-packages/blip/blip/blip.py
[[31;1mCRITICAL[0m] [[1;35m2x2_segmentation[0m]: traceback:   Traceback (most recent call last):
  File "/global/homes/n/ncarrara/.local/lib/python3.10/site-packages/blip/blip/blip.py", line 652, in run_blip
    self.set_up_tensorboard()
  File "/global/homes/n/ncarrara/.local/lib/python3.10/site-packages/blip/utils/utils.py", line 566, in wrapper
    result = func(*args, **kwargs)
  File "/global/homes/n/ncarrara/.local/lib/python3.10/site-packages/blip/blip/blip.py", line 573, in set_up_tensorboard
    self.meta["experiment_directory"], "logs/", self.now
AttributeError: 'Blip' object has no attribute 'now'

  0%|[32m          [0m| 0/50 [00:00<?, ?it/s][rank0]:[2024-05-21 18:22:31,066] torch._dynamo.convert_frame: [WARNING] torch._dynamo hit config.cache_size_limit (8)
[rank0]:[2024-05-21 18:22:31,066] torch._dynamo.convert_frame: [WARNING]    function: 'forward' (/usr/local/lib/python3.10/dist-packages/MinkowskiEngine-0.5.4-py3.10-linux-x86_64.egg/MinkowskiEngine/MinkowskiConvolution.py:43)
[rank0]:[2024-05-21 18:22:31,066] torch._dynamo.convert_frame: [WARNING] to diagnose recompilation issues, set env variable TORCHDYNAMO_REPORT_GUARD_FAILURES=1 and also see https://pytorch.org/docs/master/compile/troubleshooting.html.
[rank0]:[E ProcessGroupNCCL.cpp:754] [Rank 0] Watchdog caught collective operation timeout: WorkNCCL(SeqNum=9, OpType=ALLREDUCE, NumelIn=181057920, NumelOut=181057920, Timeout(ms)=1800000) ran for 1800584 milliseconds before timing out.
[rank0]:[E ProcessGroupNCCL.cpp:768] Some NCCL operations have failed or timed out. Due to the asynchronous nature of CUDA kernels, subsequent GPU operations might run on corrupted/incomplete data.
[rank0]:[E ProcessGroupNCCL.cpp:774] To avoid data inconsistency, we are taking the entire process down.
[rank0]:[E ProcessGroupNCCL.cpp:1282] [Rank 0] NCCL watchdog thread terminated with exception: [Rank 0] Watchdog caught collective operation timeout: WorkNCCL(SeqNum=9, OpType=ALLREDUCE, NumelIn=181057920, NumelOut=181057920, Timeout(ms)=1800000) ran for 1800584 milliseconds before timing out.
Exception raised from checkTimeout at /opt/pytorch/pytorch/torch/csrc/distributed/c10d/ProcessGroupNCCL.cpp:756 (most recent call first):
srun: error: nid008568: task 0: Exited with exit code 134
frame #0: c10::Error::Error(c10::SourceLocation, std::__cxx11::basic_string<char, std::char_traits<char>, std::allocator<char> >) + 0x99 (0x7fb2f01358f9 in /usr/local/lib/python3.10/dist-packages/torch/lib/libc10.so)
frame #1: c10d::ProcessGroupNCCL::WorkNCCL::checkTimeout(c10::optional<std::chrono::duration<long, std::ratio<1l, 1000l> > >) + 0x1f2 (0x7fb26b3eb142 in /usr/local/lib/python3.10/dist-packages/torch/lib/libtorch_cuda.so)
srun: Terminating StepId=25876531.0
frame #2: c10d::ProcessGroupNCCL::workCleanupLoop() + 0x178 (0x7fb26b3f1538 in /usr/local/lib/python3.10/dist-packages/torch/lib/libtorch_cuda.so)
frame #3: c10d::ProcessGroupNCCL::ncclCommWatchdog() + 0x8e (0x7fb26b3f1b2e in /usr/local/lib/python3.10/dist-packages/torch/lib/libtorch_cuda.so)
frame #4: <unknown function> + 0xdc253 (0x7fb2f0275253 in /usr/lib/x86_64-linux-gnu/libstdc++.so.6)
frame #5: <unknown function> + 0x94ac3 (0x7fb310c25ac3 in /usr/lib/x86_64-linux-gnu/libc.so.6)
frame #6: <unknown function> + 0x126a40 (0x7fb310cb7a40 in /usr/lib/x86_64-linux-gnu/libc.so.6)

terminate called after throwing an instance of 'c10::DistBackendError'
  what():  [Rank 0] NCCL watchdog thread terminated with exception: [Rank 0] Watchdog caught collective operation timeout: WorkNCCL(SeqNum=9, OpType=ALLREDUCE, NumelIn=181057920, NumelOut=181057920, Timeout(ms)=1800000) ran for 1800584 milliseconds before timing out.
Exception raised from checkTimeout at /opt/pytorch/pytorch/torch/csrc/distributed/c10d/ProcessGroupNCCL.cpp:756 (most recent call first):
frame #0: c10::Error::Error(c10::SourceLocation, std::__cxx11::basic_string<char, std::char_traits<char>, std::allocator<char> >) + 0x99 (0x7fb2f01358f9 in /usr/local/lib/python3.10/dist-packages/torch/lib/libc10.so)
frame #1: c10d::ProcessGroupNCCL::WorkNCCL::checkTimeout(c10::optional<std::chrono::duration<long, std::ratio<1l, 1000l> > >) + 0x1f2 (0x7fb26b3eb142 in /usr/local/lib/python3.10/dist-packages/torch/lib/libtorch_cuda.so)
frame #2: c10d::ProcessGroupNCCL::workCleanupLoop() + 0x178 (0x7fb26b3f1538 in /usr/local/lib/python3.10/dist-packages/torch/lib/libtorch_cuda.so)
frame #3: c10d::ProcessGroupNCCL::ncclCommWatchdog() + 0x8e (0x7fb26b3f1b2e in /usr/local/lib/python3.10/dist-packages/torch/lib/libtorch_cuda.so)
frame #4: <unknown function> + 0xdc253 (0x7fb2f0275253 in /usr/lib/x86_64-linux-gnu/libstdc++.so.6)
frame #5: <unknown function> + 0x94ac3 (0x7fb310c25ac3 in /usr/lib/x86_64-linux-gnu/libc.so.6)
frame #6: <unknown function> + 0x126a40 (0x7fb310cb7a40 in /usr/lib/x86_64-linux-gnu/libc.so.6)

Exception raised from ncclCommWatchdog at /opt/pytorch/pytorch/torch/csrc/distributed/c10d/ProcessGroupNCCL.cpp:1286 (most recent call first):
frame #0: c10::Error::Error(c10::SourceLocation, std::__cxx11::basic_string<char, std::char_traits<char>, std::allocator<char> >) + 0x99 (0x7fb2f01358f9 in /usr/local/lib/python3.10/dist-packages/torch/lib/libc10.so)
frame #1: <unknown function> + 0xf59d3e (0x7fb26b419d3e in /usr/local/lib/python3.10/dist-packages/torch/lib/libtorch_cuda.so)
frame #2: <unknown function> + 0xc91879 (0x7fb26b151879 in /usr/local/lib/python3.10/dist-packages/torch/lib/libtorch_cuda.so)
frame #3: <unknown function> + 0xdc253 (0x7fb2f0275253 in /usr/lib/x86_64-linux-gnu/libstdc++.so.6)
frame #4: <unknown function> + 0x94ac3 (0x7fb310c25ac3 in /usr/lib/x86_64-linux-gnu/libc.so.6)
frame #5: <unknown function> + 0x126a40 (0x7fb310cb7a40 in /usr/lib/x86_64-linux-gnu/libc.so.6)

[nid008568:2309468] *** Process received signal ***
[nid008568:2309468] Signal: Aborted (6)
[nid008568:2309468] Signal code:  (-6)
[nid008568:2309468] [ 0] /usr/lib/x86_64-linux-gnu/libc.so.6(+0x42520)[0x7fb310bd3520]
[nid008568:2309468] [ 1] /usr/lib/x86_64-linux-gnu/libc.so.6(pthread_kill+0x12c)[0x7fb310c279fc]
[nid008568:2309468] [ 2] /usr/lib/x86_64-linux-gnu/libc.so.6(raise+0x16)[0x7fb310bd3476]
[nid008568:2309468] [ 3] /usr/lib/x86_64-linux-gnu/libc.so.6(abort+0xd3)[0x7fb310bb97f3]
[nid008568:2309468] [ 4] /usr/lib/x86_64-linux-gnu/libstdc++.so.6(+0xa2b9e)[0x7fb2f023bb9e]
[nid008568:2309468] [ 5] /usr/lib/x86_64-linux-gnu/libstdc++.so.6(+0xae20c)[0x7fb2f024720c]
[nid008568:2309468] [ 6] /usr/lib/x86_64-linux-gnu/libstdc++.so.6(+0xae277)[0x7fb2f0247277]
[nid008568:2309468] [ 7] /usr/lib/x86_64-linux-gnu/libstdc++.so.6(+0xae1fe)[0x7fb2f02471fe]
[nid008568:2309468] [ 8] /usr/local/lib/python3.10/dist-packages/torch/lib/libtorch_cuda.so(+0xc91927)[0x7fb26b151927]
[nid008568:2309468] [ 9] /usr/lib/x86_64-linux-gnu/libstdc++.so.6(+0xdc253)[0x7fb2f0275253]
[nid008568:2309468] [10] /usr/lib/x86_64-linux-gnu/libc.so.6(+0x94ac3)[0x7fb310c25ac3]
[nid008568:2309468] [11] /usr/lib/x86_64-linux-gnu/libc.so.6(+0x126a40)[0x7fb310cb7a40]
[nid008568:2309468] *** End of error message ***
bash: line 4: 2309468 Aborted                 blip segmentation_blip_config.yaml
slurmstepd: error: *** STEP 25876531.0 ON nid008568 CANCELLED AT 2024-05-21T18:52:38 ***
srun: error: nid008568: tasks 1-3: Terminated
srun: Force Terminated StepId=25876531.0
