+ srun --mpi=pmi2 -u shifter --image=docker:infophysics/nersc:latest -V '/pscratch/sd/n/ncarrara:/local_scratch;/global/cfs/cdirs/dune/users/ncarrara:/local_data' bash -c '
    source /global/common/software/nersc9/nccl/2.19/env_nccl.sh
    source export_DDP_vars.sh
     blip segmentation_blip_config.yaml
    '
/usr/local/lib/python3.10/dist-packages/MinkowskiEngine-0.5.4-py3.10-linux-x86_64.egg/MinkowskiEngine/__init__.py:36: UserWarning: The environment variable `OMP_NUM_THREADS` not set. MinkowskiEngine will automatically set `OMP_NUM_THREADS=16`. If you want to set `OMP_NUM_THREADS` manually, please export it on the command line before running a python script. e.g. `export OMP_NUM_THREADS=12; python your_program.py`. It is recommended to set it below 24.
  warnings.warn(
/usr/local/lib/python3.10/dist-packages/MinkowskiEngine-0.5.4-py3.10-linux-x86_64.egg/MinkowskiEngine/__init__.py:36: UserWarning: The environment variable `OMP_NUM_THREADS` not set. MinkowskiEngine will automatically set `OMP_NUM_THREADS=16`. If you want to set `OMP_NUM_THREADS` manually, please export it on the command line before running a python script. e.g. `export OMP_NUM_THREADS=12; python your_program.py`. It is recommended to set it below 24.
  warnings.warn(
/usr/local/lib/python3.10/dist-packages/MinkowskiEngine-0.5.4-py3.10-linux-x86_64.egg/MinkowskiEngine/__init__.py:36: UserWarning: The environment variable `OMP_NUM_THREADS` not set. MinkowskiEngine will automatically set `OMP_NUM_THREADS=16`. If you want to set `OMP_NUM_THREADS` manually, please export it on the command line before running a python script. e.g. `export OMP_NUM_THREADS=12; python your_program.py`. It is recommended to set it below 24.
  warnings.warn(
/usr/local/lib/python3.10/dist-packages/MinkowskiEngine-0.5.4-py3.10-linux-x86_64.egg/MinkowskiEngine/__init__.py:36: UserWarning: The environment variable `OMP_NUM_THREADS` not set. MinkowskiEngine will automatically set `OMP_NUM_THREADS=16`. If you want to set `OMP_NUM_THREADS` manually, please export it on the command line before running a python script. e.g. `export OMP_NUM_THREADS=12; python your_program.py`. It is recommended to set it below 24.
  warnings.warn(
Creating comm groups for id model: [[0], [1], [2], [3]]
Creating comm groups for id data: [[0, 1, 2, 3]]
[[1;34mINFO[0m] [[1;35m2x2_segmentation[0m]: ############################ BLIP  v. [1.0.0] ############################
[[1;34mINFO[0m] [[1;35m2x2_segmentation[0m]: system_info - local time: 18:21:5 [21/5/2024]
[[1;34mINFO[0m] [[1;35m2x2_segmentation[0m]: system_info - run_name: 2x2_segmentation
[[1;34mINFO[0m] [[1;35m2x2_segmentation[0m]: system_info - run_number: 02
[[1;34mINFO[0m] [[1;35m2x2_segmentation[0m]: system_info - world_size: 4
[[1;34mINFO[0m] [[1;35m2x2_segmentation[0m]: system_info - world_rank: 0
[[1;34mINFO[0m] [[1;35m2x2_segmentation[0m]: system_info - local_rank: 0
[[1;34mINFO[0m] [[1;35m2x2_segmentation[0m]: system_info - num_data_shards: 4
[[1;34mINFO[0m] [[1;35m2x2_segmentation[0m]: system_info - platform: Linux
[[1;34mINFO[0m] [[1;35m2x2_segmentation[0m]: system_info - platform-release: 5.14.21-150400.24.81_12.0.87-cray_shasta_c
[[1;34mINFO[0m] [[1;35m2x2_segmentation[0m]: system_info - platform-version: #1 SMP Thu Jan 11 20:03:21 UTC 2024 (e30c7c1)
[[1;34mINFO[0m] [[1;35m2x2_segmentation[0m]: system_info - architecture: x86_64
[[1;34mINFO[0m] [[1;35m2x2_segmentation[0m]: system_info - hostname: nid001433
[[1;34mINFO[0m] [[1;35m2x2_segmentation[0m]: system_info - ip-address: 128.55.64.196
[[1;34mINFO[0m] [[1;35m2x2_segmentation[0m]: system_info - mac-address: 00:40:a6:87:7b:24
[[1;34mINFO[0m] [[1;35m2x2_segmentation[0m]: system_info - processor: x86_64
[[1;34mINFO[0m] [[1;35m2x2_segmentation[0m]: system_info - physical_cores: 64
[[1;34mINFO[0m] [[1;35m2x2_segmentation[0m]: system_info - logical_cores: 128
[[1;34mINFO[0m] [[1;35m2x2_segmentation[0m]: system_info - local_scratch: 10019352 GB
[[1;34mINFO[0m] [[1;35m2x2_segmentation[0m]: system_info - RAM: 251 GB
[[1;34mINFO[0m] [[1;35m2x2_segmentation[0m]: system_info - git_branch: b'* develop\n  main'
[[1;34mINFO[0m] [[1;35m2x2_segmentation[0m]: system_info - git_hash: b'75f8dca8663c967146e48af44ca31f9c648c27ce'
[[1;34mINFO[0m] [[1;35m2x2_segmentation[0m]: system_info - torch_version: 2.2.0a0+81ea7a4
[[1;34mINFO[0m] [[1;35m2x2_segmentation[0m]: CUDA is available with devices:
[[1;34mINFO[0m] [[1;35m2x2_segmentation[0m]:  -- device: 0
[[1;34mINFO[0m] [[1;35m2x2_segmentation[0m]:        name: NVIDIA A100-SXM4-40GB
[[1;34mINFO[0m] [[1;35m2x2_segmentation[0m]:        compute: 8.0
[[1;34mINFO[0m] [[1;35m2x2_segmentation[0m]:        memory: 39 GB
[[1;34mINFO[0m] [[1;35m2x2_segmentation[0m]:  -- device: 1
[[1;34mINFO[0m] [[1;35m2x2_segmentation[0m]:        name: NVIDIA A100-SXM4-40GB
[[1;34mINFO[0m] [[1;35m2x2_segmentation[0m]:        compute: 8.0
[[1;34mINFO[0m] [[1;35m2x2_segmentation[0m]:        memory: 39 GB
[[1;34mINFO[0m] [[1;35m2x2_segmentation[0m]:  -- device: 2
[[1;34mINFO[0m] [[1;35m2x2_segmentation[0m]:        name: NVIDIA A100-SXM4-40GB
[[1;34mINFO[0m] [[1;35m2x2_segmentation[0m]:        compute: 8.0
[[1;34mINFO[0m] [[1;35m2x2_segmentation[0m]:        memory: 39 GB
[[1;34mINFO[0m] [[1;35m2x2_segmentation[0m]:  -- device: 3
[[1;34mINFO[0m] [[1;35m2x2_segmentation[0m]:        name: NVIDIA A100-SXM4-40GB
[[1;34mINFO[0m] [[1;35m2x2_segmentation[0m]:        compute: 8.0
[[1;34mINFO[0m] [[1;35m2x2_segmentation[0m]:        memory: 39 GB
[[1;34mINFO[0m] [[1;35m2x2_segmentation[0m]: setting up devices
[[1;34mINFO[0m] [[1;35m2x2_segmentation[0m]: device allocated 0.61 Gb
[[1;34mINFO[0m] [[1;35m2x2_segmentation[0m]: setting up dataset
[[1;34mINFO[0m] [[1;35m2x2_segmentation[0m]: setting up loader
[[1;34mINFO[0m] [[1;35m2x2_segmentation[0m]: setting up model
[[1;34mINFO[0m] [[1;35m2x2_segmentation[0m]: model allocated 3.55 Gb
[[1;34mINFO[0m] [[1;35m2x2_segmentation[0m]: setting up scaler
[[1;34mINFO[0m] [[1;35m2x2_segmentation[0m]: setting up optimizer
[[1;34mINFO[0m] [[1;35m2x2_segmentation[0m]: setting up scheduler
[[1;34mINFO[0m] [[1;35m2x2_segmentation[0m]: setting up criterion
[[1;34mINFO[0m] [[1;35m2x2_segmentation[0m]: setting up metrics
[[1;34mINFO[0m] [[1;35m2x2_segmentation[0m]: setting up trainer
[[1;34mINFO[0m] [[1;35m2x2_segmentation[0m]: setting up tensorboard
[[1;34mINFO[0m] [[1;35m2x2_segmentation[0m]: running training
[[31;1mCRITICAL[0m] [[1;35m2x2_segmentation[0m]: error encountered in blip
[[31;1mCRITICAL[0m] [[1;35m2x2_segmentation[0m]: error encountered in blip
[[31;1mCRITICAL[0m] [[1;35m2x2_segmentation[0m]: exception:   'Blip' object has no attribute 'now'
[[31;1mCRITICAL[0m] [[1;35m2x2_segmentation[0m]: exception:   'Blip' object has no attribute 'now'
[[31;1mCRITICAL[0m] [[1;35m2x2_segmentation[0m]: exc_type:    <class 'AttributeError'>
[[31;1mCRITICAL[0m] [[1;35m2x2_segmentation[0m]: exc_type:    <class 'AttributeError'>
[[31;1mCRITICAL[0m] [[1;35m2x2_segmentation[0m]: line_number: 652
[[31;1mCRITICAL[0m] [[1;35m2x2_segmentation[0m]: error encountered in blip
[[31;1mCRITICAL[0m] [[1;35m2x2_segmentation[0m]: line_number: 652
[[31;1mCRITICAL[0m] [[1;35m2x2_segmentation[0m]: file_name:   /global/homes/n/ncarrara/.local/lib/python3.10/site-packages/blip/blip/blip.py
[[31;1mCRITICAL[0m] [[1;35m2x2_segmentation[0m]: file_name:   /global/homes/n/ncarrara/.local/lib/python3.10/site-packages/blip/blip/blip.py
[[31;1mCRITICAL[0m] [[1;35m2x2_segmentation[0m]: exception:   'Blip' object has no attribute 'now'
[[31;1mCRITICAL[0m] [[1;35m2x2_segmentation[0m]: traceback:   Traceback (most recent call last):
  File "/global/homes/n/ncarrara/.local/lib/python3.10/site-packages/blip/blip/blip.py", line 652, in run_blip
    self.set_up_tensorboard()
  File "/global/homes/n/ncarrara/.local/lib/python3.10/site-packages/blip/utils/utils.py", line 566, in wrapper
    result = func(*args, **kwargs)
  File "/global/homes/n/ncarrara/.local/lib/python3.10/site-packages/blip/blip/blip.py", line 573, in set_up_tensorboard
    self.meta["experiment_directory"], "logs/", self.now
AttributeError: 'Blip' object has no attribute 'now'

[[31;1mCRITICAL[0m] [[1;35m2x2_segmentation[0m]: traceback:   Traceback (most recent call last):
  File "/global/homes/n/ncarrara/.local/lib/python3.10/site-packages/blip/blip/blip.py", line 652, in run_blip
    self.set_up_tensorboard()
  File "/global/homes/n/ncarrara/.local/lib/python3.10/site-packages/blip/utils/utils.py", line 566, in wrapper
    result = func(*args, **kwargs)
  File "/global/homes/n/ncarrara/.local/lib/python3.10/site-packages/blip/blip/blip.py", line 573, in set_up_tensorboard
    self.meta["experiment_directory"], "logs/", self.now
AttributeError: 'Blip' object has no attribute 'now'

[[31;1mCRITICAL[0m] [[1;35m2x2_segmentation[0m]: exc_type:    <class 'AttributeError'>
[[31;1mCRITICAL[0m] [[1;35m2x2_segmentation[0m]: line_number: 652
[[31;1mCRITICAL[0m] [[1;35m2x2_segmentation[0m]: file_name:   /global/homes/n/ncarrara/.local/lib/python3.10/site-packages/blip/blip/blip.py
[[31;1mCRITICAL[0m] [[1;35m2x2_segmentation[0m]: traceback:   Traceback (most recent call last):
  File "/global/homes/n/ncarrara/.local/lib/python3.10/site-packages/blip/blip/blip.py", line 652, in run_blip
    self.set_up_tensorboard()
  File "/global/homes/n/ncarrara/.local/lib/python3.10/site-packages/blip/utils/utils.py", line 566, in wrapper
    result = func(*args, **kwargs)
  File "/global/homes/n/ncarrara/.local/lib/python3.10/site-packages/blip/blip/blip.py", line 573, in set_up_tensorboard
    self.meta["experiment_directory"], "logs/", self.now
AttributeError: 'Blip' object has no attribute 'now'

  0%|[32m          [0m| 0/50 [00:00<?, ?it/s][rank0]:[2024-05-21 18:22:36,598] torch._dynamo.convert_frame: [WARNING] torch._dynamo hit config.cache_size_limit (8)
[rank0]:[2024-05-21 18:22:36,598] torch._dynamo.convert_frame: [WARNING]    function: 'forward' (/usr/local/lib/python3.10/dist-packages/MinkowskiEngine-0.5.4-py3.10-linux-x86_64.egg/MinkowskiEngine/MinkowskiConvolution.py:43)
[rank0]:[2024-05-21 18:22:36,598] torch._dynamo.convert_frame: [WARNING] to diagnose recompilation issues, set env variable TORCHDYNAMO_REPORT_GUARD_FAILURES=1 and also see https://pytorch.org/docs/master/compile/troubleshooting.html.
[rank0]:[E ProcessGroupNCCL.cpp:754] [Rank 0] Watchdog caught collective operation timeout: WorkNCCL(SeqNum=9, OpType=ALLREDUCE, NumelIn=181057920, NumelOut=181057920, Timeout(ms)=1800000) ran for 1800333 milliseconds before timing out.
[rank0]:[E ProcessGroupNCCL.cpp:768] Some NCCL operations have failed or timed out. Due to the asynchronous nature of CUDA kernels, subsequent GPU operations might run on corrupted/incomplete data.
[rank0]:[E ProcessGroupNCCL.cpp:774] To avoid data inconsistency, we are taking the entire process down.
[rank0]:[E ProcessGroupNCCL.cpp:1282] [Rank 0] NCCL watchdog thread terminated with exception: [Rank 0] Watchdog caught collective operation timeout: WorkNCCL(SeqNum=9, OpType=ALLREDUCE, NumelIn=181057920, NumelOut=181057920, Timeout(ms)=1800000) ran for 1800333 milliseconds before timing out.
Exception raised from checkTimeout at /opt/pytorch/pytorch/torch/csrc/distributed/c10d/ProcessGroupNCCL.cpp:756 (most recent call first):
frame #0: c10::Error::Error(c10::SourceLocation, std::__cxx11::basic_string<char, std::char_traits<char>, std::allocator<char> >) + 0x99 (0x7f93f859c8f9 in /usr/local/lib/python3.10/dist-packages/torch/lib/libc10.so)
frame #1: c10d::ProcessGroupNCCL::WorkNCCL::checkTimeout(c10::optional<std::chrono::duration<long, std::ratio<1l, 1000l> > >) + 0x1f2 (0x7f93733eb142 in /usr/local/lib/python3.10/dist-packages/torch/lib/libtorch_cuda.so)
frame #2: c10d::ProcessGroupNCCL::workCleanupLoop() + 0x178 (0x7f93733f1538 in /usr/local/lib/python3.10/dist-packages/torch/lib/libtorch_cuda.so)
frame #3: c10d::ProcessGroupNCCL::ncclCommWatchdog() + 0x8e (0x7f93733f1b2e in /usr/local/lib/python3.10/dist-packages/torch/lib/libtorch_cuda.so)
frame #4: <unknown function> + 0xdc253 (0x7f93f20b0253 in /usr/lib/x86_64-linux-gnu/libstdc++.so.6)
frame #5: <unknown function> + 0x94ac3 (0x7f941b00aac3 in /usr/lib/x86_64-linux-gnu/libc.so.6)
frame #6: <unknown function> + 0x126a40 (0x7f941b09ca40 in /usr/lib/x86_64-linux-gnu/libc.so.6)

terminate called after throwing an instance of 'c10::DistBackendError'
  what():  [Rank 0] NCCL watchdog thread terminated with exception: [Rank 0] Watchdog caught collective operation timeout: WorkNCCL(SeqNum=9, OpType=ALLREDUCE, NumelIn=181057920, NumelOut=181057920, Timeout(ms)=1800000) ran for 1800333 milliseconds before timing out.
Exception raised from checkTimeout at /opt/pytorch/pytorch/torch/csrc/distributed/c10d/ProcessGroupNCCL.cpp:756 (most recent call first):
frame #0: c10::Error::Error(c10::SourceLocation, std::__cxx11::basic_string<char, std::char_traits<char>, std::allocator<char> >) + 0x99 (0x7f93f859c8f9 in /usr/local/lib/python3.10/dist-packages/torch/lib/libc10.so)
frame #1: c10d::ProcessGroupNCCL::WorkNCCL::checkTimeout(c10::optional<std::chrono::duration<long, std::ratio<1l, 1000l> > >) + 0x1f2 (0x7f93733eb142 in /usr/local/lib/python3.10/dist-packages/torch/lib/libtorch_cuda.so)
frame #2: c10d::ProcessGroupNCCL::workCleanupLoop() + 0x178 (0x7f93733f1538 in /usr/local/lib/python3.10/dist-packages/torch/lib/libtorch_cuda.so)
frame #3: c10d::ProcessGroupNCCL::ncclCommWatchdog() + 0x8e (0x7f93733f1b2e in /usr/local/lib/python3.10/dist-packages/torch/lib/libtorch_cuda.so)
frame #4: <unknown function> + 0xdc253 (0x7f93f20b0253 in /usr/lib/x86_64-linux-gnu/libstdc++.so.6)
frame #5: <unknown function> + 0x94ac3 (0x7f941b00aac3 in /usr/lib/x86_64-linux-gnu/libc.so.6)
frame #6: <unknown function> + 0x126a40 (0x7f941b09ca40 in /usr/lib/x86_64-linux-gnu/libc.so.6)

Exception raised from ncclCommWatchdog at /opt/pytorch/pytorch/torch/csrc/distributed/c10d/ProcessGroupNCCL.cpp:1286 (most recent call first):
frame #0: c10::Error::Error(c10::SourceLocation, std::__cxx11::basic_string<char, std::char_traits<char>, std::allocator<char> >) + 0x99 (0x7f93f859c8f9 in /usr/local/lib/python3.10/dist-packages/torch/lib/libc10.so)
frame #1: <unknown function> + 0xf59d3e (0x7f9373419d3e in /usr/local/lib/python3.10/dist-packages/torch/lib/libtorch_cuda.so)
frame #2: <unknown function> + 0xc91879 (0x7f9373151879 in /usr/local/lib/python3.10/dist-packages/torch/lib/libtorch_cuda.so)
frame #3: <unknown function> + 0xdc253 (0x7f93f20b0253 in /usr/lib/x86_64-linux-gnu/libstdc++.so.6)
frame #4: <unknown function> + 0x94ac3 (0x7f941b00aac3 in /usr/lib/x86_64-linux-gnu/libc.so.6)
frame #5: <unknown function> + 0x126a40 (0x7f941b09ca40 in /usr/lib/x86_64-linux-gnu/libc.so.6)

[nid001433:370560] *** Process received signal ***
[nid001433:370560] Signal: Aborted (6)
[nid001433:370560] Signal code:  (-6)
[nid001433:370560] [ 0] /usr/lib/x86_64-linux-gnu/libc.so.6(+0x42520)[0x7f941afb8520]
[nid001433:370560] [ 1] /usr/lib/x86_64-linux-gnu/libc.so.6(pthread_kill+0x12c)[0x7f941b00c9fc]
[nid001433:370560] [ 2] /usr/lib/x86_64-linux-gnu/libc.so.6(raise+0x16)[0x7f941afb8476]
[nid001433:370560] [ 3] /usr/lib/x86_64-linux-gnu/libc.so.6(abort+0xd3)[0x7f941af9e7f3]
[nid001433:370560] [ 4] /usr/lib/x86_64-linux-gnu/libstdc++.so.6(+0xa2b9e)[0x7f93f2076b9e]
[nid001433:370560] [ 5] /usr/lib/x86_64-linux-gnu/libstdc++.so.6(+0xae20c)[0x7f93f208220c]
[nid001433:370560] [ 6] /usr/lib/x86_64-linux-gnu/libstdc++.so.6(+0xae277)[0x7f93f2082277]
[nid001433:370560] [ 7] /usr/lib/x86_64-linux-gnu/libstdc++.so.6(+0xae1fe)[0x7f93f20821fe]
[nid001433:370560] [ 8] /usr/local/lib/python3.10/dist-packages/torch/lib/libtorch_cuda.so(+0xc91927)[0x7f9373151927]
[nid001433:370560] [ 9] /usr/lib/x86_64-linux-gnu/libstdc++.so.6(+0xdc253)[0x7f93f20b0253]
[nid001433:370560] [10] /usr/lib/x86_64-linux-gnu/libc.so.6(+0x94ac3)[0x7f941b00aac3]
[nid001433:370560] [11] /usr/lib/x86_64-linux-gnu/libc.so.6(+0x126a40)[0x7f941b09ca40]
[nid001433:370560] *** End of error message ***
bash: line 4: 370560 Aborted                 blip segmentation_blip_config.yaml
srun: error: nid001433: task 0: Exited with exit code 134
srun: Terminating StepId=25876577.0
slurmstepd: error: *** STEP 25876577.0 ON nid001433 CANCELLED AT 2024-05-21T18:52:42 ***
srun: error: nid001433: tasks 1-3: Terminated
srun: Force Terminated StepId=25876577.0
